// Jest Snapshot v1, https://goo.gl/fbAQLP

exports[`Header it renders correctly 1`] = `
<div>
  <div
    className="MuiGrid-root MuiGrid-container"
  >
    <div
      className="MuiGrid-root Header-row-1 MuiGrid-item MuiGrid-grid-xs-12"
    >
      <svg
        alt="Profile photo"
        aria-hidden="true"
        className="MuiSvgIcon-root Header-profile-2"
        focusable="false"
        role="presentation"
        src="test-file-stub"
        viewBox="0 0 24 24"
      >
        <path
          d="M12 12c2.21 0 4-1.79 4-4s-1.79-4-4-4-4 1.79-4 4 1.79 4 4 4zm0 2c-2.67 0-8 1.34-8 4v2h16v-2c0-2.66-5.33-4-8-4z"
        />
      </svg>
    </div>
    <div
      className="MuiGrid-root Header-row-1 MuiGrid-item MuiGrid-grid-xs-12"
    >
      <h1
        className="Header-h1-4"
      >
        GARTH WHITAKER
      </h1>
    </div>
    <div
      className="MuiGrid-root Header-row-1 MuiGrid-item MuiGrid-grid-xs-12"
    >
      <h4
        className="Header-h4-5"
      >
        A craftsman using technology to enable people and business.
      </h4>
    </div>
  </div>
  <hr
    className="Header-divider-3"
  />
</div>
`;
